// Jest Snapshot v1, https://goo.gl/fbAQLP

exports[`renders a TableView 1`] = `
<div>
  <div
    style={
      Object {
        "alignItems": "center",
        "display": "flex",
      }
    }
  >
    <Select
      autoWidth={true}
      items={
        Array [
          "Mike",
          "Jennifer",
        ]
      }
      key="0"
      label="Name"
      multiple={true}
      onChange={[Function]}
      style={
        Object {
          "margin": "0rem 1rem",
          "width": "250px",
        }
      }
      value={Array []}
    />
    <Select
      autoWidth={true}
      items={
        Array [
          "25",
          "30",
        ]
      }
      key="1"
      label="Age"
      multiple={true}
      onChange={[Function]}
      style={
        Object {
          "margin": "0rem 1rem",
          "width": "250px",
        }
      }
      value={Array []}
    />
    <div />
  </div>
  <WithStyles(Table)
    columns={
      Array [
        Object {
          "dataKey": "name",
          "label": "Name",
        },
        Object {
          "dataKey": "age",
          "label": "Age",
        },
      ]
    }
    rows={
      Array [
        Object {
          "age": 25,
          "id": 1245,
          "name": "Mike",
        },
        Object {
          "age": 30,
          "id": 46874,
          "name": "Jennifer",
        },
      ]
    }
  />
</div>
`;
